I'm sorry, but errors were detected in your script. Please correct the
errors listed below, and try again.


File "game/battle.rpy", line 54: Indentation mismatch.

Ren'Py Version: Ren'Py 8.0.2.22081402
Sun Aug 21 18:57:19 2022
